// Jest Snapshot v1, https://goo.gl/fbAQLP

exports[`<Login /> with no props should match the snapshot 1`] = `"<form><input type=\\"email\\" placeholder=\\"email\\" class=\\"mx-auto my-2\\"/><input type=\\"password\\" class=\\"my-2\\" value=\\"\\"/><input type=\\"button\\" class=\\"btn btn-primary\\" disabled=\\"\\" value=\\"Submit\\"/></form>"`;
